Starting a Gradle Daemon, 1 incompatible and 5 stopped Daemons could not be reused, use --status for details
> Task :app:checkKotlinGradlePluginConfigurationErrors SKIPPED
> Task :app:preBuild UP-TO-DATE
> Task :app:preDebugBuild UP-TO-DATE
> Task :app:generateDebugBuildConfig UP-TO-DATE
> Task :app:checkDebugAarMetadata UP-TO-DATE
> Task :app:processDebugNavigationResources UP-TO-DATE
> Task :app:compileDebugNavigationResources UP-TO-DATE
> Task :app:generateDebugResValues UP-TO-DATE
> Task :app:processDebugGoogleServices UP-TO-DATE
> Task :app:mapDebugSourceSetPaths UP-TO-DATE
> Task :app:generateDebugResources UP-TO-DATE
> Task :app:mergeDebugResources UP-TO-DATE
> Task :app:packageDebugResources UP-TO-DATE
> Task :app:parseDebugLocalResources UP-TO-DATE
> Task :app:createDebugCompatibleScreenManifests UP-TO-DATE
> Task :app:extractDeepLinksDebug UP-TO-DATE
> Task :app:processDebugMainManifest
> Task :app:processDebugManifest
> Task :app:processDebugManifestForPackage
> Task :app:processDebugResources

> Task :app:kspDebugKotlin FAILED
e: file:///C:/Users/Ihor/AndroidStudioProjects/TheTest1/app/src/main/java/com/example/thetest1/presentation/ai_assistant/AiAssistantScreen.kt:9:66 Expecting a top level declaration
e: file:///C:/Users/Ihor/AndroidStudioProjects/TheTest1/app/src/main/java/com/example/thetest1/presentation/ai_assistant/AiAssistantScreen.kt:9:74 Expecting a top level declaration
e: file:///C:/Users/Ihor/AndroidStudioProjects/TheTest1/app/src/main/java/com/example/thetest1/presentation/ai_assistant/AiAssistantScreen.kt:9:75 Expecting a top level declaration
e: file:///C:/Users/Ihor/AndroidStudioProjects/TheTest1/app/src/main/java/com/example/thetest1/presentation/ai_assistant/AiAssistantScreen.kt:9:82 Expecting a top level declaration
e: file:///C:/Users/Ihor/AndroidStudioProjects/TheTest1/app/src/main/java/com/example/thetest1/presentation/ai_assistant/AiAssistantScreen.kt:9:83 Expecting a top level declaration
e: file:///C:/Users/Ihor/AndroidStudioProjects/TheTest1/app/src/main/java/com/example/thetest1/presentation/ai_assistant/AiAssistantScreen.kt:9:93 Expecting a top level declaration
e: file:///C:/Users/Ihor/AndroidStudioProjects/TheTest1/app/src/main/java/com/example/thetest1/presentation/ai_assistant/AiAssistantScreen.kt:9:94 Expecting a top level declaration
e: file:///C:/Users/Ihor/AndroidStudioProjects/TheTest1/app/src/main/java/com/example/thetest1/presentation/ai_assistant/AiAssistantScreen.kt:9:100 Expecting a top level declaration
e: file:///C:/Users/Ihor/AndroidStudioProjects/TheTest1/app/src/main/java/com/example/thetest1/presentation/ai_assistant/AiAssistantScreen.kt:9:101 Expecting a top level declaration
e: file:///C:/Users/Ihor/AndroidStudioProjects/TheTest1/app/src/main/java/com/example/thetest1/presentation/ai_assistant/AiAssistantScreen.kt:9:112 imports are only allowed in the beginning of file

FAILURE: Build failed with an exception.

* What went wrong:
Execution failed for task ':app:kspDebugKotlin'.
> A failure occurred while executing org.jetbrains.kotlin.compilerRunner.GradleCompilerRunnerWithWorkers$GradleKotlinCompilerWorkAction
   > Compilation error. See log for more details

* Try:
> Run with --stacktrace option to get the stack trace.
> Run with --info or --debug option to get more log output.
> Run with --scan to get full insights.
> Get more help at https://help.gradle.org.

BUILD FAILED in 22s
18 actionable tasks: 5 executed, 13 up-to-date
