Starting a Gradle Daemon, 1 incompatible and 7 stopped Daemons could not be reused, use --status for details
